Act_id
Act_id_hist
Activity_log
Auth_user
case_management
case_management_hist
CDF_subform_import_log
Chart_report_metadata
Confirmation_method
Confirmation_method_hist
CT_contact
CT_contact_hist
CT_contact_answer
CT_contact_answer_hist
CT_contact_attachment
CT_contact_note
Custom_queues
Data_migration_record
dsm_algorithm
dsm_algorithm_hist
EDX_activity_detail_log
EDX_activity_log
EDX_Document
ELR_activity_log
ELRWorkerQueue
Entity_id
Entity_id_hist
Export_receiving_facility
Intervention
Intervention_hist
Interview
Interview_hist
lab_event
lab_event_hist
Manufactured_material
Manufactured_material_hist
nbs_answer
nbs_answer_hist
NBS_case_answer
NBS_case_answer_hist
NBS_document
NBS_document_hist
NBS_note
Notification
Notification_hist
Obs_value_coded
Obs_value_coded_hist
Obs_value_numeric
Obs_value_numeric_hist
Obs_value_txt
Obs_value_txt_hist
Observation
Observation_hist
Organization
Organization_hist
Organization_name
Organization_name_hist
Person
Person_hist
Person_name
Person_name_hist
Postal_locator
Postal_locator_hist
Public_health_case
Public_health_case_hist
PublicHealthCaseFact
Referral
Referral_hist
SUSPCT_MEAT_OBTND_DATA
Tele_locator
Tele_locator_hist
Treatment
Treatment_hist
USER_PROFILE
Jurisdiction_code
