MSG_ANSWER
MSG_CASE_INVESTIGATION
MSG_CONTAINER
MSG_INTERVIEW
MSG_ORGANIZATION
MSG_PATIENT
MSG_PLACE
MSG_PROVIDER
MSG_TREATMENT
MsgOut_activity_log
MsgOut_activity_log_detail
MsgOut_Receiving_facility
MsgOut_Sending_facility
NBS_interface
NETSS_TransportQ_out
PSF_CLIENT
PSF_INDEX
PSF_PARTNER
PSF_RISK
PSF_SESSION
